
> frontend@0.1.0 build
> prisma generate && next build

node.exe : Loaded Prisma config from prisma.config.ts.
위치 줄:1 문자:1
+ & "C:\Program Files\nodejs/node.exe" "C:\Program Files\nodejs/node_mo ...
+ ~~~~~~~~~~~~~~~~~~~~~~~~~~~~~~~~~~~~~~~~~~~~~~~~~~~~~~~~~~~~~~~~~~~~~
    + CategoryInfo          : NotSpecified: (Loaded Prisma c...isma.config.ts. 
   :String) [], RemoteException
    + FullyQualifiedErrorId : NativeCommandError
 

Prisma config detected, skipping environment variable loading.
Prisma schema loaded from prisma\schema.prisma

??Generated Prisma Client (v6.19.2) to .\node_modules\@prisma\client in 95ms

Start by importing your Prisma Client (See: https://pris.ly/d/importing-client)

Tip: Need your database queries to be 1000x faster? Accelerate offers you that and more: https://pris.ly/tip-2-accelerate

??Next.js 16.2.1 (Turbopack)
- Environments: .env

  Creating an optimized production build ...

> Build error occurred
Error: Turbopack build failed with 2 errors:
./src/app/login/page.tsx
Reading source code for parsing failed
An unexpected error happened while trying to read the source code to parse: fai
led to convert rope into string

Caused by:
- invalid utf-8 sequence of 1 bytes from index 311


./src/app/api/ask/route.ts:24:13
Expected unicode escape
  [90m22 |[0m     messages.push({
  [90m23 |[0m       role: [32m'system'[0m,
[31m[1m>[0m [90m24 |[0m       content: \?뱀떊? 留ㅼ씪 ?섎쭖? ?섏옄瑜?吏꾨즺?섎뒗 ?섏궗瑜??
뺣뒗 ?꾨Ц ?섑븰 ?댁떆?ㅽ꽩?몄엯?덈떎.
  [90m   |[0m             [31m[1m^[0m
  [90m25 |[0m 諛섎뱶???꾨옒???꾧꺽??[33mJSON[0m ?щ㎎?쇰줈留??묐떟?댁＜?몄슂. 
  [90m26 |[0m
  [90m27 |[0m 二쇱쓽: ?쎈Ъ(?? 怨좊뜳?? godex ??怨?愿?⑤맂 ?泥??ъ뿬 / 異붿쿇 吏덈Ц?먮뒗 臾댁“嫄??꾨옒
 8媛쒖쓽 釉붾줉...

Parsing ecmascript source code failed


    at <unknown> (./src/app/api/ask/route.ts:24:13)
